exports[`<News /> Snapshot Test 1`] = `
<div>
  09:53:49 GMT+1100 (AEDT)
  <div>
    Loading...
  </div>
</div>
`;
