exports[`<NoMatch /> Snapshot Test 1`] = `
<div>
  <h2>
    Whoops
  </h2>
  <p>
    Sorry but 
    test
     didnâ€™t match any pages
  </p>
</div>
`;
