exports[`<Spin /> Snapshot Test 1`] = `
<div>
  <div
    style={
      Object {
        "border": "2px solid #0275d8",
        "borderLeftColor": "transparent",
        "borderRadius": "100%",
        "borderRightColor": "transparent",
        "height": "32px",
        "margin": "0 auto",
        "transform": "rotate(0deg)",
        "transition": "all 1000ms cubic-bezier(0.23, 1, 0.32, 1) 0ms",
        "width": "32px",
      }
    } />
</div>
`;
